# SI1-PROVISIONAL — the runs behind docs/SPEC-SI-paph-si.md
#
# @pixagram/paph-x 1.1.0, rust/target/release/sibench (cargo build --release), corpus from
# 'sibench corpus' (120 bases x 21 variants + 8,000 distractors) and
# 'sibench corpus --bases 0 --distractors 100000 --from 8000 --out corpus-big.bin'.
# Machine: Intel(R) Xeon(R) Processor @ 2.10GHz, 2 cores, shared container; queries timed on one core.
# Counts and recalls are deterministic; timings are this run's and vary by a few per cent between runs.

$ sibench fit
corpus: 10520 works (120 bases × 21 variants, 8000 distractors) opened and judged in 2.8 s
fitted SI1-PROVISIONAL on 4000 background works, 2432 noise pairs, 1958 evidence pairs in 0.07 s
  5334 bytes, id ca0ff1047b03cadd7a974ac652ca3bc73618b0f6660f5cd13411398fa3484d3e  → ../docs/calibration/SI1-PROVISIONAL.psi
  probes 4  threshold 2  budget 2000
  | family | weights none / near / exact | axis noise σ (projection units) |
  | runs | -27 / 22 / 62 | [17705, 16143, 10123, 9103] |
  | tone | -21 / 29 / 70 | [9139, 12194, 13997, 10064] |
  | pal | -22 / 17 / 66 | [13835, 7882, 6153, 6983] |
  | shape | -23 / 33 / 65 | [17801, 16216, 17046, 12065] |
  | sil | -34 / 26 / 66 | [26709, 13396, 15634, 11953] |
  | kpgeo | -17 / 42 / 69 | [10950, 11226, 11488, 8818] |
  | local | [-20, 23, 64, 140] (0 / 1 / 2–3 / ≥4 equal band keys) | |
  | band | [-13, 57, 107, 185] | |

$ sibench eval --big target/si-corpus/corpus-big.bin
corpus: 10520 works (120 bases × 21 variants, 8000 distractors) opened and judged in 2.9 s
PAPH-SI evaluation — profile SI1-PROVISIONAL (ca0ff1047b03cadd), X X1-PROVISIONAL — 10520 works, eval population 4000 distractors

## Cells: how the eval population spreads (fine 256 / coarse 16)

| family | present | occupied fine | effective fine cells | largest fine cell | effective coarse cells | P(random pair shares a fine cell) |
|---|---:|---:|---:|---:|---:|---:|
| runs | 100% | 217 | 112 | 6.2% | 14.7 | 1/63 |
| tone | 100% | 248 | 163 | 3.2% | 15.3 | 1/117 |
| pal | 100% | 174 | 107 | 4.3% | 12.6 | 1/79 |
| shape | 100% | 219 | 137 | 3.8% | 14.4 | 1/97 |
| sil | 75% | 204 | 109 | 4.2% | 12.6 | 1/68 |
| kpgeo | 65% | 253 | 192 | 2.2% | 15.3 | 1/149 |

## Stability: where a copy lands relative to the query's probes (eval bases, every pair, both orders)

Exact = the copy is in the query's own cell; probed = in one of its 4 probe cells. Random = a random eval distractor.

| transform | runs | tone | pal | shape | sil | kpgeo | local | band |
|---|---:|---:|---:|---:|---:|---:|---:|---:|
| mirror | 100 / 100 | 100 / 100 | 100 / 100 | 73 / 96 | 76 / 92 | 43 / 86 | 100 | 82 |
| rot90 | 100 / 100 | 96 / 100 | 100 / 100 | 77 / 92 | 54 / 86 | 39 / 75 | 100 | 86 |
| rot180 | 100 / 100 | 96 / 100 | 100 / 100 | 70 / 93 | 49 / 78 | 46 / 82 | 100 | 86 |
| transpose | 100 / 100 | 100 / 100 | 100 / 100 | 96 / 97 | 100 / 100 | 97 / 100 | 100 | 100 |
| invert | 98 / 100 | 82 / 97 | 88 / 88 | 68 / 77 | 100 / 100 | 86 / 100 | 8 | 3 |
| recolour | 80 / 88 | 29 / 61 | 54 / 65 | 66 / 81 | 77 / 80 | 41 / 56 | 80 | 63 |
| chswap | 96 / 100 | 41 / 52 | 93 / 96 | 73 / 85 | 100 / 100 | 38 / 59 | 66 | 45 |
| palshuffle | 88 / 88 | 11 / 25 | 86 / 87 | 54 / 68 | 97 / 97 | 22 / 43 | 18 | 7 |
| up2 | 100 / 100 | 100 / 100 | 100 / 100 | 100 / 100 | 100 / 100 | 100 / 100 | 100 | 100 |
| up3 | 100 / 100 | 100 / 100 | 100 / 100 | 100 / 100 | 100 / 100 | 100 / 100 | 100 | 100 |
| down70 | 12 / 30 | 7 / 15 | 2 / 7 | 11 / 32 | 29 / 55 | 4 / 7 | 2 | 0 |
| resample90 | 23 / 41 | 11 / 28 | 2 / 14 | 25 / 49 | 39 / 62 | 7 / 21 | 6 | 0 |
| up150 | 4 / 6 | 46 / 76 | 36 / 65 | 21 / 46 | 78 / 85 | 0 / 10 | 8 | 0 |
| crop80 | 38 / 76 | 21 / 59 | 20 / 46 | 14 / 44 | 24 / 36 | 0 / 28 | 80 | 56 |
| crop67 | 34 / 66 | 12 / 32 | 9 / 22 | 9 / 24 | 10 / 20 | 5 / 9 | 61 | 27 |
| corner50 | 23 / 47 | 11 / 27 | 5 / 12 | 7 / 17 | 6 / 11 | 0 / 0 | 26 | 0 |
| paste | 5 / 10 | 0 / 4 | 2 / 7 | 0 / 4 | 0 / 6 | 0 / 9 | 25 | 7 |
| shift1 | 79 / 99 | 77 / 95 | 86 / 96 | 59 / 88 | 78 / 89 | 43 / 84 | 100 | 86 |
| dither | 12 / 29 | 12 / 26 | 14 / 31 | 12 / 35 | 68 / 68 | 17 / 29 | 4 | 4 |
| matte | 30 / 64 | 62 / 72 | 64 / 76 | 64 / 75 | 44 / 66 | 34 / 59 | 92 | 76 |
| *random pair* | 1.5 / 4.3 | 0.9 / 2.9 | 1.4 / 3.7 | 0.9 / 3.3 | 1.2 / 3.0 | 0.5 / 2.0 | 1.64 | 0.48 |

Quantised families: % exact / % probed. MinHash families: % with at least one equal band key.

## What a coarse-only match is worth (the note's 16-cell level)

A candidate outside the query's 4 probe cells but inside its coarse cell, against one in neither: share of comparator-42 Copy pairs and of random pairs, and 16 × the log-likelihood ratio.

| family | copy: probed | copy: coarse only | copy: neither | random: probed | random: coarse only | random: neither | weight of coarse only | weight of neither |
|---|---:|---:|---:|---:|---:|---:|---:|---:|
| runs | 88.1% | 2.4% | 9.5% | 5.4% | 4.3% | 90.2% | -9 | -36 |
| tone | 83.1% | 2.2% | 14.8% | 3.2% | 4.7% | 92.1% | -12 | -29 |
| pal | 81.9% | 2.8% | 15.4% | 3.4% | 5.9% | 90.7% | -12 | -28 |
| shape | 84.7% | 5.6% | 9.6% | 3.6% | 5.4% | 91.0% | +1 | -36 |
| sil | 84.8% | 3.9% | 11.3% | 2.4% | 6.1% | 91.5% | -7 | -33 |
| kpgeo | 68.6% | 9.1% | 22.3% | 2.1% | 5.6% | 92.3% | +8 | -23 |

## Sampling grids and the square's symmetries (every base, both splits)

Share of D4 copies (mirror, rot90, rot180, transpose) whose reading equals the original's exactly, for bases whose sides are both multiples of 16 and for the others. G0 is XRoute's DCT word; the rest are SI cells.

| canvas | pairs | G0 word | runs | tone | pal | shape | sil | kpgeo |
|---|---:|---:|---:|---:|---:|---:|---:|---:|
| both sides multiples of 16 | 180 | 87% | 100% | 100% | 100% | 74% | 74% | 61% |
| other sizes | 300 | 41% | 100% | 98% | 100% | 80% | 72% | 56% |
scored 832 queries × 4000 distractors in 0.1 s

## Recall against reduction (comparator-42 Copy pairs of the eval bases, both orders: 832 queries)

Pairs per transform: mirror 35, rot90 27, rot180 37, transpose 31, invert 3, recolour 32, chswap 29, palshuffle 6, up2 40, up3 40, down70 0, resample90 6, up150 2, crop80 20, crop67 13, corner50 1, paste 19, shift1 36, dither 9, matte 30,

| design | pool | reduction | recall | symmetries | integer rescale | recolour | resample | crop | paste | edits |
|---|---:|---:|---:|---:|---:|---:|---:|---:|---:|---:|
| proposal: shape ∧ pal ∧ runs, own cell only | 0.005% | 18697× | 59.6% | 82% | 100% | 61% | 0% | 0% | 0% | 24% |
| proposal: shape ∧ pal ∧ runs, multi-probe | 0.143% | 698× | 74.3% | 99% | 100% | 73% | 6% | 10% | 0% | 60% |
| proposal: all six quantised families, own cell | 0.000% | 3328000× | 39.4% | 47% | 100% | 21% | 0% | 0% | 0% | 11% |
| proposal: all six, multi-probe | 0.018% | 5584× | 60.5% | 84% | 100% | 38% | 0% | 0% | 0% | 47% |
| votes: ≥ 2 of 8 families agree | 3.203% | 31× | 94.6% | 100% | 100% | 98% | 62% | 97% | 32% | 95% |
| votes: ≥ 3 of 8 | 1.067% | 94× | 90.3% | 100% | 100% | 95% | 44% | 72% | 8% | 93% |
| votes: ≥ 4 of 8 | 0.281% | 356× | 83.4% | 100% | 100% | 82% | 19% | 44% | 0% | 84% |
| SI score ≥ -10 | 2.008% | 50× | 92.9% | 100% | 100% | 97% | 62% | 88% | 16% | 94% |
| SI score ≥ 2 (SI1 default) | 1.435% | 70× | 91.9% | 100% | 100% | 96% | 62% | 84% | 13% | 93% |
| SI score ≥ 32 | 1.025% | 98× | 90.5% | 100% | 100% | 94% | 44% | 79% | 5% | 92% |
| SI score ≥ 64 | 0.523% | 191× | 87.9% | 100% | 100% | 91% | 31% | 71% | 3% | 87% |
| SI score ≥ 117 | 0.201% | 499× | 83.2% | 100% | 100% | 82% | 0% | 44% | 0% | 85% |
| SI score ≥ 141 | 0.107% | 937× | 82.2% | 100% | 100% | 79% | 0% | 40% | 0% | 84% |

## The funnel: SI ∪ the exact-key index, then XRank

xprepared 4457 sides in 1.6 s
Keys: top 32 by Σ 1/df per key family (codes, bands; df cap 256) as `docs/SEARCH.md`. SI: score ≥ 2, budget 2000. Eval population 4000 distractors.

| | candidates per query | recall |
|---|---:|---:|
| exact keys alone | 58.1 | 98.1% |
| SI alone | 57.4 | 91.9% |
| SI ∪ keys | 107.4 | 99.8% |
| SI ∪ keys → XRank says Copy | 107.4 | 99.5% of 832 |

Copies XRank found among the distractors it was shown: 92. XRank per query: p50 12.9 ms, p95 457.3 ms; key nomination p50 1531 µs (in-memory sorted arrays).
XRank cost per candidate, per query: p50 152 µs, mean 370 µs, p95 1548 µs; it compared 52.7% of the candidates it was shown (the rest stopped at the route and anchor-tier screen).
XRank on the pools without their target (every sixth query, 13976 candidates): 588 µs per candidate.
By generator (query base → distractor): work → work: 92
By backdrop (base → distractor; 0 transparent, 1 flat, 2 dithered gradient, −1 noise field): -1 → -1: 92

| transform | pairs | keys | SI | SI ∪ keys | → XRank Copy |
|---|---:|---:|---:|---:|---:|
| mirror | 35 | 100% | 100% | 100% | 100% |
| rot90 | 27 | 100% | 100% | 100% | 100% |
| rot180 | 37 | 100% | 100% | 100% | 100% |
| transpose | 31 | 100% | 100% | 100% | 100% |
| invert | 3 | 100% | 100% | 100% | 100% |
| recolour | 32 | 100% | 92% | 100% | 100% |
| chswap | 29 | 93% | 98% | 100% | 97% |
| palshuffle | 6 | 100% | 100% | 100% | 100% |
| up2 | 40 | 100% | 100% | 100% | 100% |
| up3 | 40 | 100% | 100% | 100% | 100% |
| resample90 | 6 | 92% | 67% | 100% | 100% |
| up150 | 2 | 25% | 50% | 75% | 75% |
| crop80 | 20 | 100% | 90% | 100% | 100% |
| crop67 | 13 | 85% | 73% | 100% | 100% |
| corner50 | 1 | 50% | 100% | 100% | 100% |
| paste | 19 | 100% | 13% | 100% | 100% |
| shift1 | 36 | 100% | 100% | 100% | 100% |
| dither | 9 | 83% | 61% | 94% | 94% |
| matte | 30 | 100% | 93% | 100% | 100% |

## The index itself

Index over 4000 works: 182111 posting entries (45.5 per work). Query build p50 87 µs; index query p50 9 µs, p95 23 µs, 778 postings read per query; signature from a parsed side 100 µs, from the wires (parse included) 105 µs per work.
Index admissions equal the reference scan on 832 of 832 queries.

## Scaling: the same queries against growing populations

big population: 100000 works signed and keyed in 13.5 s
| population | SI pool | SI pool share | SI recall | keys@32 recall | SI ∪ keys recall | SI top-250 ∪ keys | top-1000 ∪ keys | top-2000 ∪ keys | top-4000 ∪ keys | top-16000 ∪ keys | SI postings read / query | SI query p50 | keys query p50 |
|---:|---:|---:|---:|---:|---:|---:|---:|---:|---:|---:|---:|---:|---:|
| 4000 | 57 | 1.435% | 91.9% | 98.1% | 99.8% | 99.6% | 99.8% | 99.8% | 99.8% | 99.8% | 778 | 18 µs | 704 µs |
| 16000 | 231 | 1.442% | 91.9% | 96.8% | 99.4% | 97.7% | 99.3% | 99.4% | 99.4% | 99.4% | 3093 | 68 µs | 1536 µs |
| 64000 | 929 | 1.452% | 91.9% | 95.7% | 99.0% | 96.4% | 97.1% | 97.8% | 98.9% | 99.0% | 12380 | 297 µs | 3386 µs |
| 104000 | 1509 | 1.451% | 91.9% | 95.2% | 98.8% | 95.9% | 96.5% | 97.0% | 97.8% | 98.8% | 20140 | 541 µs | 4029 µs |

$ sibench route
corpus: 10520 works (120 bases × 21 variants, 8000 distractors) opened and judged in 2.8 s
XRoute class Reject on comparator-42 Copy pairs (X1 bars local 6 / band 3 / global 190):
  mirror        0 of  86
  rot90         0 of  63
  rot180        0 of  87
  transpose     0 of  70
  invert        0 of   7
  recolour      3 of  75
  chswap        7 of  72
  palshuffle    2 of  20
  up2           0 of  94
  up3           0 of  93
  resample90    8 of  15
  up150         2 of   6
  crop80        4 of  47
  crop67        1 of  25
  corner50      4 of   5
  paste         9 of  40
  shift1        0 of  84
  dither        8 of  20
  matte         1 of  67
  total       49 of 976

$ sibench lost
corpus: 10520 works (120 bases × 21 variants, 8000 distractors) opened and judged in 2.9 s
base 25 chswap     state -1 execution 0 screen 0 route class 0 (local 1, band 0, global 0) pools 0/0; comparator 42: Copy — structural only — no geometric corroboration ["structural"] (structural 6059, geometry evidence 0, inliers 0)
base 25 chswap     state -1 execution 0 screen 0 route class 0 (local 1, band 0, global 0) pools 0/0; comparator 42: Copy — structural only — no geometric corroboration ["structural"] (structural 6059, geometry evidence 0, inliers 0)
base 54 palshuffle state -1 execution 0 screen 0 route class 0 (local 0, band 0, global 178) pools 0/0; comparator 42: Copy — structural only — no geometric corroboration ["structural"] (structural 6279, geometry evidence 0, inliers 0)
base 54 palshuffle state -1 execution 0 screen 0 route class 0 (local 0, band 0, global 178) pools 0/0; comparator 42: Copy — structural only — no geometric corroboration ["structural"] (structural 6279, geometry evidence 0, inliers 0)
base 116 chswap     state -1 execution 0 screen 1 route class 1 (local 5, band 0, global 195) pools 0/0; comparator 42: Copy — structural only — no geometric corroboration ["structural"] (structural 6121, geometry evidence 0, inliers 0)
base 116 chswap     state -1 execution 0 screen 1 route class 1 (local 5, band 0, global 195) pools 0/0; comparator 42: Copy — structural only — no geometric corroboration ["structural"] (structural 6121, geometry evidence 0, inliers 0)
6 of 1952 comparator-42 Copy queries not read Copy by XRank alone

$ cargo test --release copies_score_and_unrelated_works_do_not -- --nocapture
copies 30/30, unrelated 0/90
